2026-09-05 19:38:12,298 ERROR: Exception on / [GET] [in C:\Users\oyeko\Downloads\practice_folder\.venv\Lib\site-packages\flask\app.py:875]
Traceback (most recent call last):
  File "C:\Users\oyeko\Downloads\practice_folder\.venv\Lib\site-packages\flask\app.py", line 1511, in wsgi_app
    response = self.full_dispatch_request()
  File "C:\Users\oyeko\Downloads\practice_folder\.venv\Lib\site-packages\flask\app.py", line 919, in full_dispatch_request
    rv = self.handle_user_exception(e)
  File "C:\Users\oyeko\Downloads\practice_folder\.venv\Lib\site-packages\flask\app.py", line 917, in full_dispatch_request
    rv = self.dispatch_request()
  File "C:\Users\oyeko\Downloads\practice_folder\.venv\Lib\site-packages\flask\app.py", line 902, in dispatch_request
    return self.ensure_sync(self.view_functions[rule.endpoint])(**view_args)  # type: ignore[no-any-return]
           ~~~~~~~~~~~~~~~~~~~~~~~~~~~~~~~~~~~~~~~~~~~~~~~~~~~~^^^^^^^^^^^^^
  File "C:\Users\oyeko\Downloads\practice_folder\.venv\Lib\site-packages\flask_login\utils.py", line 290, in decorated_view
    return current_app.ensure_sync(func)(*args, **kwargs)
           ~~~~~~~~~~~~~~~~~~~~~~~~~~~~~^^^^^^^^^^^^^^^^^
  File "c:\Users\oyeko\Downloads\practice_folder\app\routes.py", line 33, in index
    return render_template('index.html', title='Home', form=form, posts=posts.items, next_url=next_url, prev_url=prev_url)
  File "C:\Users\oyeko\Downloads\practice_folder\.venv\Lib\site-packages\flask\templating.py", line 151, in render_template
    return _render(app, template, context)
  File "C:\Users\oyeko\Downloads\practice_folder\.venv\Lib\site-packages\flask\templating.py", line 132, in _render
    rv = template.render(context)
  File "C:\Users\oyeko\Downloads\practice_folder\.venv\Lib\site-packages\jinja2\environment.py", line 1295, in render
    self.environment.handle_exception()
    ~~~~~~~~~~~~~~~~~~~~~~~~~~~~~~~~~^^
  File "C:\Users\oyeko\Downloads\practice_folder\.venv\Lib\site-packages\jinja2\environment.py", line 942, in handle_exception
    raise rewrite_traceback_stack(source=source)
  File "c:\Users\oyeko\Downloads\practice_folder\app\templates\index.html", line 1, in top-level template code
    {% extends "base.html" %}
  File "c:\Users\oyeko\Downloads\practice_folder\app\templates\base.html", line 58, in top-level template code
    {% block content %}{% endblock %}
    ^^^^^^^^^^^^^^^^^^^
  File "c:\Users\oyeko\Downloads\practice_folder\app\templates\index.html", line 18, in block 'content'
    {% include '_post.html' %}
    ^^^^^^^^^^^^^^^^^
  File "c:\Users\oyeko\Downloads\practice_folder\app\templates\_post.html", line 17, in top-level template code
    {{for.hidden_tag()}}
    ^^^^^^^^^
  File "C:\Users\oyeko\Downloads\practice_folder\.venv\Lib\site-packages\jinja2\environment.py", line 490, in getattr
    return getattr(obj, attribute)
jinja2.exceptions.UndefinedError: 'for' is undefined
2026-09-05 19:38:14,636 ERROR: Exception on /index [GET] [in C:\Users\oyeko\Downloads\practice_folder\.venv\Lib\site-packages\flask\app.py:875]
Traceback (most recent call last):
  File "C:\Users\oyeko\Downloads\practice_folder\.venv\Lib\site-packages\flask\app.py", line 1511, in wsgi_app
    response = self.full_dispatch_request()
  File "C:\Users\oyeko\Downloads\practice_folder\.venv\Lib\site-packages\flask\app.py", line 919, in full_dispatch_request
    rv = self.handle_user_exception(e)
  File "C:\Users\oyeko\Downloads\practice_folder\.venv\Lib\site-packages\flask\app.py", line 917, in full_dispatch_request
    rv = self.dispatch_request()
  File "C:\Users\oyeko\Downloads\practice_folder\.venv\Lib\site-packages\flask\app.py", line 902, in dispatch_request
    return self.ensure_sync(self.view_functions[rule.endpoint])(**view_args)  # type: ignore[no-any-return]
           ~~~~~~~~~~~~~~~~~~~~~~~~~~~~~~~~~~~~~~~~~~~~~~~~~~~~^^^^^^^^^^^^^
  File "C:\Users\oyeko\Downloads\practice_folder\.venv\Lib\site-packages\flask_login\utils.py", line 290, in decorated_view
    return current_app.ensure_sync(func)(*args, **kwargs)
           ~~~~~~~~~~~~~~~~~~~~~~~~~~~~~^^^^^^^^^^^^^^^^^
  File "c:\Users\oyeko\Downloads\practice_folder\app\routes.py", line 33, in index
    return render_template('index.html', title='Home', form=form, posts=posts.items, next_url=next_url, prev_url=prev_url)
  File "C:\Users\oyeko\Downloads\practice_folder\.venv\Lib\site-packages\flask\templating.py", line 151, in render_template
    return _render(app, template, context)
  File "C:\Users\oyeko\Downloads\practice_folder\.venv\Lib\site-packages\flask\templating.py", line 132, in _render
    rv = template.render(context)
  File "C:\Users\oyeko\Downloads\practice_folder\.venv\Lib\site-packages\jinja2\environment.py", line 1295, in render
    self.environment.handle_exception()
    ~~~~~~~~~~~~~~~~~~~~~~~~~~~~~~~~~^^
  File "C:\Users\oyeko\Downloads\practice_folder\.venv\Lib\site-packages\jinja2\environment.py", line 942, in handle_exception
    raise rewrite_traceback_stack(source=source)
  File "c:\Users\oyeko\Downloads\practice_folder\app\templates\index.html", line 1, in top-level template code
    {% extends "base.html" %}
  File "c:\Users\oyeko\Downloads\practice_folder\app\templates\base.html", line 58, in top-level template code
    {% block content %}{% endblock %}
    ^^^^^^^^^^^^^^^^^^^
  File "c:\Users\oyeko\Downloads\practice_folder\app\templates\index.html", line 18, in block 'content'
    {% include '_post.html' %}
    ^^^^^^^^^^^^^^^^^
  File "c:\Users\oyeko\Downloads\practice_folder\app\templates\_post.html", line 17, in top-level template code
    {{for.hidden_tag()}}
    ^^^^^^^^^
  File "C:\Users\oyeko\Downloads\practice_folder\.venv\Lib\site-packages\jinja2\environment.py", line 490, in getattr
    return getattr(obj, attribute)
jinja2.exceptions.UndefinedError: 'for' is undefined
2026-09-05 19:38:34,479 INFO: Microblog startup [in c:\Users\oyeko\Downloads\practice_folder\app\__init__.py:41]
